// Jest Snapshot v1, https://goo.gl/fbAQLP

exports[`App Renders the Invoice successfully 1`] = `
<div>
  <div
    data-testid="invoice"
  />
</div>
`;
