// Jest Snapshot v1, https://goo.gl/fbAQLP

exports[`Phase Renders successfully 1`] = `
.c0 {
  display: -webkit-box;
  display: -webkit-flex;
  display: -ms-flexbox;
  display: flex;
  -webkit-flex-direction: column;
  -ms-flex-direction: column;
  flex-direction: column;
  gap: 1rem;
}

.c0 .phase-name {
  font-size: 1.25rem;
  text-align: center;
}

<div>
  <section
    class="c0 phase-section"
    data-testid="phase-container"
  >
    <h3
      class="phase-name"
      data-testid="phase-name"
    >
      Phase name
    </h3>
    <ol
      class="cost-items"
    >
      <li
        aria-hidden="true"
        class="cost-item cost-item--labels"
      >
        <span
          class="cost-item__name"
        >
          Name
        </span>
        <span
          class="cost-item__tax"
        >
          Tax
        </span>
        <span
          class="cost-item__description"
        >
          Description
        </span>
        <span
          class="cost-item__price"
        >
          Price
        </span>
      </li>
      <div
        data-testid="cost-item"
      />
      <div
        data-testid="cost-item"
      />
      <div
        data-testid="cost-item"
      />
      <div
        data-testid="cost-item"
      />
      <div
        data-testid="cost-item"
      />
      <div
        data-testid="subtotal-price"
      />
    </ol>
  </section>
</div>
`;
